PS C:\Users\User\Music\leadappbot (1)\leadappbot> git credential-osxkeychain erase
>>
git: 'credential-osxkeychain' is not a git command. See 'git --help'.
PS C:\Users\User\Music\leadappbot (1)\leadappbot> rundll32.exe keymgr.dll,KRShowKeyMgr
>>
PS C:\Users\User\Music\leadappbot (1)\leadappbot> git config --global user.name "sirajhemonai"
>> git config --global user.email "youremail@example.com"
>>
PS C:\Users\User\Music\leadappbot (1)\leadappbot> git config --global user.name "sirajhemonai"
>>
PS C:\Users\User\Music\leadappbot (1)\leadappbot> git push origin main
>>
info: please complete authentication in your browser...
To https://github.com/sirajhemonai/CoachLeadApp.git
 ! [rejected]        main -> main (non-fast-forward)
error: failed to push some refs to 'https://github.com/sirajhemonai/CoachLeadApp.git'
hint: Updates were rejected because the tip of your current branch is behind
hint: its remote counterpart. If you want to integrate the remote changes,
hint: use 'git pull' before pushing again.
hint: See the 'Note about fast-forwards' in 'git push --help' for details.
PS C:\Users\User\Music\leadappbot (1)\leadappbot> git remove remote origin
git: 'remove' is not a git command. See 'git --help'.

The most similar command is
        remote
PS C:\Users\User\Music\leadappbot (1)\leadappbot> git remote remove origin
PS C:\Users\User\Music\leadappbot (1)\leadappbot> git remote add origin https://github.com/sirajhemonai/leadApp.git
PS C:\Users\User\Music\leadappbot (1)\leadappbot> git add ..
fatal: ..: '..' is outside repository at 'C:/Users/User/Music/leadappbot (1)/leadappbot'
PS C:\Users\User\Music\leadappbot (1)\leadappbot> git add .
PS C:\Users\User\Music\leadappbot (1)\leadappbot> git commit -m "First Try"
On branch main
nothing to commit, working tree clean
PS C:\Users\User\Music\leadappbot (1)\leadappbot> git push -u origin main
Enumerating objects: 1313, done.
Counting objects: 100% (1313/1313), done.
Delta compression using up to 8 threads
Compressing objects: 100% (606/606), done.
Writing objects: 100% (1313/1313), 53.99 MiB | 6.60 MiB/s, done.
Total 1313 (delta 825), reused 1101 (delta 694), pack-reused 0 (from 0)
remote: Resolving deltas: 100% (825/825), done.
remote: fatal: did not receive expected object 6573abe9431ba3aaecb1a04b72f4cfa15a5db1e6
error: remote unpack failed: index-pack failed
To https://github.com/sirajhemonai/leadApp.git
 ! [remote rejected] main -> main (failed)
error: failed to push some refs to 'https://github.com/sirajhemonai/leadApp.git'
PS C:\Users\User\Music\leadappbot (1)\leadappbot> PS C:\Users\User\Music\leadappbot (1)\leadappbot> git remote add origin https://github.com/sirajhemonai/CoachLeadApp.git
>> >>
>> error: remote origin already exists.
>> PS C:\Users\User\Music\leadappbot (1)\leadappbot> git remote remove origin
>> PS C:\Users\User\Music\leadappbot (1)\leadappbot> git remote add origin https://github.com/sirajhemonai/CoachLeadApp.git
>> >>
>> PS C:\Users\User\Music\leadappbot (1)\leadappbot> git remote -v
>> >>
>> origin  https://github.com/sirajhemonai/CoachLeadApp.git (fetch)
>> origin  https://github.com/sirajhemonai/CoachLeadApp.git (push)
>> PS C:\Users\User\Music\leadappbot (1)\leadappbot> git push -u origin main
>> >>
>> remote: Repository not found.
>> fatal: repository 'https://github.com/sirajhemonai/CoachLeadApp.git/' not found
>> PS C:\Users\User\Music\leadappbot (1)\leadappbot> git credential-osxkeychain erase
>> >>
>> git: 'credential-osxkeychain' is not a git command. See 'git --help'.
>> PS C:\Users\User\Music\leadappbot (1)\leadappbot> rundll32.exe keymgr.dll,KRShowKeyMgr
>> >>
>> PS C:\Users\User\Music\leadappbot (1)\leadappbot> git config --global user.name "sirajhemonai"
>> >> git config --global user.email "youremail@example.com"
>> >>
>> PS C:\Users\User\Music\leadappbot (1)\leadappbot> git config --global user.name "sirajhemonai"
>> >>
>> PS C:\Users\User\Music\leadappbot (1)\leadappbot> git push origin main
>> >>
>> info: please complete authentication in your browser...
>> To https://github.com/sirajhemonai/CoachLeadApp.git
>>  ! [rejected]        main -> main (non-fast-forward)
>> error: failed to push some refs to 'https://github.com/sirajhemonai/CoachLeadApp.git'
>> hint: Updates were rejected because the tip of your current branch is behind
>> hint: its remote counterpart. If you want to integrate the remote changes,
>> hint: use 'git pull' before pushing again.
>> hint: See the 'Note about fast-forwards' in 'git push --help' for details.
>> PS C:\Users\User\Music\leadappbot (1)\leadappbot> git remove remote origin
>> git: 'remove' is not a git command. See 'git --help'.
>>
>> The most similar command is
>>         remote
>> PS C:\Users\User\Music\leadappbot (1)\leadappbot> git remote remove origin
PS C:\Users\User\Music\leadappbot (1)\leadappbot> PS C:\Users\User\Music\leadappbot (1)\leadappbot> git remote add origin https://github.com/sirajhemonai/CoachLeadApp.git
>> >>
>> error: remote origin already exists.
>> PS C:\Users\User\Music\leadappbot (1)\leadappbot> git remote remove origin
>> PS C:\Users\User\Music\leadappbot (1)\leadappbot> git remote add origin https://github.com/sirajhemonai/CoachLeadApp.git
>> >>
>> PS C:\Users\User\Music\leadappbot (1)\leadappbot> git remote -v
>> >>
>> origin  https://github.com/sirajhemonai/CoachLeadApp.git (fetch)
>> origin  https://github.com/sirajhemonai/CoachLeadApp.git (push)
>> PS C:\Users\User\Music\leadappbot (1)\leadappbot> git push -u origin main
>> >>
>> remote: Repository not found.
>> fatal: repository 'https://github.com/sirajhemonai/CoachLeadApp.git/' not found
>> PS C:\Users\User\Music\leadappbot (1)\leadappbot> git credential-osxkeychain erase
>> >>
>> git: 'credential-osxkeychain' is not a git command. See 'git --help'.
>> PS C:\Users\User\Music\leadappbot (1)\leadappbot> rundll32.exe keymgr.dll,KRShowKeyMgr
>> >>
>> PS C:\Users\User\Music\leadappbot (1)\leadappbot> git config --global user.name "sirajhemonai"
>> >> git config --global user.email "youremail@example.com"
>> >>
>> PS C:\Users\User\Music\leadappbot (1)\leadappbot> git config --global user.name "sirajhemonai"
>> >>
>> PS C:\Users\User\Music\leadappbot (1)\leadappbot> git push origin main
>> >>
>> info: please complete authentication in your browser...
>> To https://github.com/sirajhemonai/CoachLeadApp.git
>>  ! [rejected]        main -> main (non-fast-forward)
>> error: failed to push some refs to 'https://github.com/sirajhemonai/CoachLeadApp.git'
>> hint: Updates were rejected because the tip of your current branch is behind
>> hint: its remote counterpart. If you want to integrate the remote changes,
>> hint: use 'git pull' before pushing again.
>> hint: See the 'Note about fast-forwards' in 'git push --help' for details.
>> PS C:\Users\User\Music\leadappbot (1)\leadappbot> git remove remote origin
>> git: 'remove' is not a git command. See 'git --help'.
>>
>> The most similar command is
>>         remote
>> PS C:\Users\User\Music\leadappbot (1)\leadappbot> git remote remove origin
>> PS C:\Users\User\Music\leadappbot (1)\leadappbot> git remote add origin https://github.com/sirajhemonai/leadApp.git
>> PS C:\Users\User\Music\leadappbot (1)\leadappbot> git add ..
>> fatal: ..: '..' is outside repository at 'C:/Users/User/Music/leadappbot (1)/leadappbot'
>> PS C:\Users\User\Music\leadappbot (1)\leadappbot> git add .
>> PS C:\Users\User\Music\leadappbot (1)\leadappbot> git commit -m "First Try"
>> On branch main
>> nothing to commit, working tree clean
>> PS C:\Users\User\Music\leadappbot (1)\leadappbot> git push -u origin main
>> Enumerating objects: 1313, done.
>> Counting objects: 100% (1313/1313), done.
>> Delta compression using up to 8 threads
>> Compressing objects: 100% (606/606), done.
>> Writing objects: 100% (1313/1313), 53.99 MiB | 6.60 MiB/s, done.
>> Total 1313 (delta 825), reused 1101 (delta 694), pack-reused 0 (from 0)
>> remote: Resolving deltas: 100% (825/825), done.
>> remote: fatal: did not receive expected object 6573abe9431ba3aaecb1a04b72f4cfa15a5db1e6
>> error: remote unpack failed: index-pack failed
>> To https://github.com/sirajhemonai/leadApp.git
>>  ! [remote rejected] main -> main (failed)
>> error: failed to push some refs to 'https://github.com/sirajhemonai/leadApp.git'
>> PS C:\Users\User\Music\leadappbot (1)\leadappbot>